2026-08-18T18:59:40Z INF Thank you for trying Cloudflare Tunnel. Doing so, without a Cloudflare account, is a quick way to experiment and try it out. However, be aware that these account-less Tunnels have no uptime guarantee, are subject to the Cloudflare Online Services Terms of Use (https://www.cloudflare.com/website-terms/), and Cloudflare reserves the right to investigate your use of Tunnels for violations of such terms. If you intend to use Tunnels in production you should use a pre-created named tunnel by following: https://developers.cloudflare.com/cloudflare-one/connections/connect-apps
2026-08-18T18:59:40Z INF Requesting new quick Tunnel on trycloudflare.com...
2026-08-18T18:59:48Z INF +--------------------------------------------------------------------------------------------+
2026-08-18T18:59:48Z INF |  Your quick Tunnel has been created! Visit it at (it may take some time to be reachable):  |
2026-08-18T18:59:48Z INF |  https://spears-objectives-dip-asin.trycloudflare.com                                      |
2026-08-18T18:59:48Z INF +--------------------------------------------------------------------------------------------+
2026-08-18T18:59:48Z INF Cannot determine default configuration path. No file [config.yml config.yaml] in [~/.cloudflared ~/.cloudflare-warp ~/cloudflare-warp]
2026-08-18T18:59:48Z INF Version 2026.8.2 (Checksum c29eee2b121f5436a642eed69fd9767da7e7b8c510fa50aaa130337f931357b5)
2026-08-18T18:59:48Z INF GOOS: windows, GOVersion: go1.26.4, GoArch: amd64
2026-08-18T18:59:48Z INF Settings: map[ha-connections:1 protocol:quic url:http://localhost:3000]
2026-08-18T18:59:48Z INF cloudflared will not automatically update on Windows systems.
2026-08-18T18:59:48Z INF Generated Connector ID: 36d1a846-7920-48f2-ac83-21236a4d9be5
2026-08-18T18:59:48Z INF Initial protocol quic
2026-08-18T18:59:48Z INF ICMP proxy will use 192.168.100.85 as source for IPv4
2026-08-18T18:59:48Z INF ICMP proxy will use fe80::ad96:7534:e3f0:d137 in zone Wi-Fi as source for IPv6
2026-08-18T18:59:48Z INF cloudflared does not support loading the system root certificate pool on Windows. Please use --origin-ca-pool <PATH> to specify the path to the certificate pool
2026-08-18T18:59:48Z INF ICMP proxy will use 192.168.100.85 as source for IPv4
2026-08-18T18:59:49Z INF Tunnel connection curve preferences: [X25519MLKEM768 CurveID(65074) CurveP256] connIndex=0 event=0 ip=198.41.192.47
2026-08-18T18:59:49Z INF ICMP proxy will use fe80::ad96:7534:e3f0:d137 in zone Wi-Fi as source for IPv6
2026-08-18T18:59:49Z INF Starting metrics server on 127.0.0.1:20241/metrics
2026-08-18T18:59:49Z INF +-------------------------------------------------------------------------------------+
2026-08-18T18:59:49Z INF |                               CONNECTIVITY PRE-CHECKS                               |
2026-08-18T18:59:49Z INF +-------------------------------------------------------------------------------------+
2026-08-18T18:59:49Z INF |  COMPONENT         TARGET                     STATUS  DETAILS                       |
2026-08-18T18:59:49Z INF |  DNS Resolution    region1.v2.argotunnel.com  PASS    DNS Resolved successfully     |
2026-08-18T18:59:49Z INF |  DNS Resolution    region2.v2.argotunnel.com  PASS    DNS Resolved successfully     |
2026-08-18T18:59:49Z INF |  UDP Connectivity  region1.v2.argotunnel.com  PASS    QUIC connection successful    |
2026-08-18T18:59:49Z INF |  UDP Connectivity  region2.v2.argotunnel.com  PASS    QUIC connection successful    |
2026-08-18T18:59:49Z INF |  TCP Connectivity  region1.v2.argotunnel.com  PASS    HTTP/2 connection successful  |
2026-08-18T18:59:49Z INF |  TCP Connectivity  region2.v2.argotunnel.com  PASS    HTTP/2 connection successful  |
2026-08-18T18:59:49Z INF |  Cloudflare API    api.cloudflare.com:443     PASS    API is reachable              |
2026-08-18T18:59:49Z INF |                                                                                     |
2026-08-18T18:59:49Z INF |  SUMMARY: Environment is healthy. cloudflared will use 'quic' as primary protocol.  |
2026-08-18T18:59:49Z INF +-------------------------------------------------------------------------------------+
2026-08-18T18:59:49Z INF precheck component="DNS Resolution" details="DNS Resolved successfully" run_id=bcacb94e-adc9-44b8-9954-9dca48e68c82 status=pass target=region1.v2.argotunnel.com
2026-08-18T18:59:49Z INF precheck component="DNS Resolution" details="DNS Resolved successfully" run_id=bcacb94e-adc9-44b8-9954-9dca48e68c82 status=pass target=region2.v2.argotunnel.com
2026-08-18T18:59:49Z INF precheck component="UDP Connectivity" details="QUIC connection successful" run_id=bcacb94e-adc9-44b8-9954-9dca48e68c82 status=pass target=region1.v2.argotunnel.com
2026-08-18T18:59:49Z INF precheck component="UDP Connectivity" details="QUIC connection successful" run_id=bcacb94e-adc9-44b8-9954-9dca48e68c82 status=pass target=region2.v2.argotunnel.com
2026-08-18T18:59:49Z INF precheck component="TCP Connectivity" details="HTTP/2 connection successful" run_id=bcacb94e-adc9-44b8-9954-9dca48e68c82 status=pass target=region1.v2.argotunnel.com
2026-08-18T18:59:49Z INF precheck component="TCP Connectivity" details="HTTP/2 connection successful" run_id=bcacb94e-adc9-44b8-9954-9dca48e68c82 status=pass target=region2.v2.argotunnel.com
2026-08-18T18:59:49Z INF precheck component="Cloudflare API" details="API is reachable" run_id=bcacb94e-adc9-44b8-9954-9dca48e68c82 status=pass target=api.cloudflare.com:443
2026-08-18T18:59:49Z INF precheck complete hard_fail=false run_id=bcacb94e-adc9-44b8-9954-9dca48e68c82 suggested_protocol=quic
2026-08-18T18:59:50Z INF Registered tunnel connection connIndex=0 connection=1c685698-b128-4523-9c04-d561b922a460 event=0 ip=198.41.192.47 location=acc01 protocol=quic
